

Version:	3.50
CmdLine:	C:\Users\Lenovo\Algo\GUI\PointMarketApp\PointMarketApp.exe --l4j-debug
JNI:		No
WOW64:		Yes
Working dir:	C:\Users\Lenovo\Algo\GUI\PointMarketApp\.
Requires JDK:	No
Requires 64-Bit: No
Java min ver:	1.011.000
Java max ver:	
Substitute:	JAVA_HOME = C:\Program Files\Java\jdk-17
Substitute:	PATH = C:\Program Files\Common Files\Oracle\Java\javapath;C:\Program Files (x86)\Common Files\Oracle\Java\javapath;C:\xampp\php;C:\ProgramData\ComposerSetup\bin;C:\WINDOWS\system32;C:\WINDOWS;C:\WINDOWS\System32\Wbem;C:\WINDOWS\System32\WindowsPowerShell\v1.0\;C:\WINDOWS\System32\OpenSSH\;C:\Program Files\MongoDB\Server\7.0\bin;C:\Program Files\dotnet\;C:\Program Files\nodejs\;C:\adb\platform-tools;C:\adb\cmdline-tools\latest\bin;C:\Gradle\gradle-8.13\bin;C:\Program Files\Java\jdk-17\bin;C:\adb\emulator;C:\Program Files\Git\cmd;C:\Program Files\Graphviz\bin;C:\osm2pgsql;C:\Users\Lenovo\AppData\Local\Programs\Python\Python311\Scripts\;C:\Users\Lenovo\AppData\Local\Programs\Python\Python311\;C:\Users\Lenovo\AppData\Local\Programs\Microsoft VS Code\bin;C:\Windows\SysWow64\;C:\Users\Lenovo\AppData\Roaming\Composer\vendor\bin;C:\Users\Lenovo\AppData\Roaming\npm;C:\Users\Lenovo\AppData\Local\Microsoft\WindowsApps;C:\adb\platform-tools;C:\Users\Lenovo\AppData\Local\Programs\Windsurf\bin;C:\adb\cmdline-tools\latest\bin;C:\Gradle\gradle-8.13\bin;C:\Program Files\Java\jdk-17\bin;C:\adb\build-tools\34.0.0;C:\adb\emulator;C:\Program Files\Graphviz\bin;C:\osm2pgsql;;C:\Program Files\Java\jdk-17\bin
JRE paths:	C:\Program Files\Java\jdk-17;C:\Program Files\Common Files\Oracle\Java\javapath;C:\Program Files (x86)\Common Files\Oracle\Java\javapath;C:\xampp\php;C:\ProgramData\ComposerSetup\bin;C:\WINDOWS\system32;C:\WINDOWS;C:\WINDOWS\System32\Wbem;C:\WINDOWS\System32\WindowsPowerShell\v1.0\;C:\WINDOWS\System32\OpenSSH\;C:\Program Files\MongoDB\Server\7.0\bin;C:\Program Files\dotnet\;C:\Program Files\nodejs\;C:\adb\platform-tools;C:\adb\cmdline-tools\latest\bin;C:\Gradle\gradle-8.13\bin;C:\Program Files\Java\jdk-17\bin;C:\adb\emulator;C:\Program Files\Git\cmd;C:\Program Files\Graphviz\bin;C:\osm2pgsql;C:\Users\Lenovo\AppData\Local\Programs\Python\Python311\Scripts\;C:\Users\Lenovo\AppData\Local\Programs\Python\Python311\;C:\Users\Lenovo\AppData\Local\Programs\Microsoft VS Code\bin;C:\Windows\SysWow64\;C:\Users\Lenovo\AppData\Roaming\Composer\vendor\bin;C:\Users\Lenovo\AppData\Roaming\npm;C:\Users\Lenovo\AppData\Local\Microsoft\WindowsApps;C:\adb\platform-tools;C:\Users\Lenovo\AppData\Local\Programs\Windsurf\bin;C:\adb\cmdline-tools\latest\bin;C:\Gradle\gradle-8.13\bin;C:\Program Files\Java\jdk-17\bin;C:\adb\build-tools\34.0.0;C:\adb\emulator;C:\Program Files\Graphviz\bin;C:\osm2pgsql;;C:\Program Files\Java\jdk-17\bin
Check launcher:	C:\Program Files\Java\jdk-17\bin\javaw.exe (OK)
Version string: 1.017.000_014 / 64-Bit (OK)
Main class:	Main
Add classpath:	lib\mysql-connector-java-9.4.0.jar 
Launcher:	C:\Program Files\Java\jdk-17\bin\javaw.exe
Launcher args:	-classpath "C:\Users\Lenovo\Algo\GUI\PointMarketApp\PointMarketApp.exe;lib\mysql-connector-java-9.4.0.jar " Main
Args length:	112/32768 chars
Exit code:	0
